------------------------------------------------------------
TimeQuest Timing Analyzer Summary
------------------------------------------------------------

Type  : Slow 1200mV 85C Model Setup 'FIR:fir|FIR_fir_compiler_ii_0:fir_compiler_ii_0|FIR_fir_compiler_ii_0_ast:FIR_fir_compiler_ii_0_ast_inst|auk_dspip_avalon_streaming_source_hpfir:source|data_valid'
Slack : -4.835
TNS   : -97.377

Type  : Slow 1200mV 85C Model Setup 'pll|altpll_component|auto_generated|pll1|clk[1]'
Slack : 14.123
TNS   : 0.000

Type  : Slow 1200mV 85C Model Setup 'pll|altpll_component|auto_generated|pll1|clk[0]'
Slack : 14.386
TNS   : 0.000

Type  : Slow 1200mV 85C Model Setup 'clk48'
Slack : 17.332
TNS   : 0.000

Type  : Slow 1200mV 85C Model Hold 'pll|altpll_component|auto_generated|pll1|clk[0]'
Slack : 0.285
TNS   : 0.000

Type  : Slow 1200mV 85C Model Hold 'pll|altpll_component|auto_generated|pll1|clk[1]'
Slack : 0.361
TNS   : 0.000

Type  : Slow 1200mV 85C Model Hold 'clk48'
Slack : 0.380
TNS   : 0.000

Type  : Slow 1200mV 85C Model Hold 'FIR:fir|FIR_fir_compiler_ii_0:fir_compiler_ii_0|FIR_fir_compiler_ii_0_ast:FIR_fir_compiler_ii_0_ast_inst|auk_dspip_avalon_streaming_source_hpfir:source|data_valid'
Slack : 2.563
TNS   : 0.000

Type  : Slow 1200mV 85C Model Recovery 'pll|altpll_component|auto_generated|pll1|clk[0]'
Slack : 13.431
TNS   : 0.000

Type  : Slow 1200mV 85C Model Removal 'pll|altpll_component|auto_generated|pll1|clk[0]'
Slack : 5.663
TNS   : 0.000

Type  : Slow 1200mV 85C Model Minimum Pulse Width 'FIR:fir|FIR_fir_compiler_ii_0:fir_compiler_ii_0|FIR_fir_compiler_ii_0_ast:FIR_fir_compiler_ii_0_ast_inst|auk_dspip_avalon_streaming_source_hpfir:source|data_valid'
Slack : -1.487
TNS   : -31.227

Type  : Slow 1200mV 85C Model Minimum Pulse Width 'clk48'
Slack : 10.193
TNS   : 0.000

Type  : Slow 1200mV 85C Model Minimum Pulse Width 'pll|altpll_component|auto_generated|pll1|clk[0]'
Slack : 103.748
TNS   : 0.000

Type  : Slow 1200mV 85C Model Minimum Pulse Width 'pll|altpll_component|auto_generated|pll1|clk[1]'
Slack : 780.967
TNS   : 0.000

Type  : Slow 1200mV 0C Model Setup 'FIR:fir|FIR_fir_compiler_ii_0:fir_compiler_ii_0|FIR_fir_compiler_ii_0_ast:FIR_fir_compiler_ii_0_ast_inst|auk_dspip_avalon_streaming_source_hpfir:source|data_valid'
Slack : -4.731
TNS   : -95.611

Type  : Slow 1200mV 0C Model Setup 'pll|altpll_component|auto_generated|pll1|clk[1]'
Slack : 14.627
TNS   : 0.000

Type  : Slow 1200mV 0C Model Setup 'pll|altpll_component|auto_generated|pll1|clk[0]'
Slack : 14.916
TNS   : 0.000

Type  : Slow 1200mV 0C Model Setup 'clk48'
Slack : 17.554
TNS   : 0.000

Type  : Slow 1200mV 0C Model Hold 'pll|altpll_component|auto_generated|pll1|clk[0]'
Slack : 0.258
TNS   : 0.000

Type  : Slow 1200mV 0C Model Hold 'pll|altpll_component|auto_generated|pll1|clk[1]'
Slack : 0.323
TNS   : 0.000

Type  : Slow 1200mV 0C Model Hold 'clk48'
Slack : 0.341
TNS   : 0.000

Type  : Slow 1200mV 0C Model Hold 'FIR:fir|FIR_fir_compiler_ii_0:fir_compiler_ii_0|FIR_fir_compiler_ii_0_ast:FIR_fir_compiler_ii_0_ast_inst|auk_dspip_avalon_streaming_source_hpfir:source|data_valid'
Slack : 2.310
TNS   : 0.000

Type  : Slow 1200mV 0C Model Recovery 'pll|altpll_component|auto_generated|pll1|clk[0]'
Slack : 13.947
TNS   : 0.000

Type  : Slow 1200mV 0C Model Removal 'pll|altpll_component|auto_generated|pll1|clk[0]'
Slack : 5.171
TNS   : 0.000

Type  : Slow 1200mV 0C Model Minimum Pulse Width 'FIR:fir|FIR_fir_compiler_ii_0:fir_compiler_ii_0|FIR_fir_compiler_ii_0_ast:FIR_fir_compiler_ii_0_ast_inst|auk_dspip_avalon_streaming_source_hpfir:source|data_valid'
Slack : -1.487
TNS   : -31.227

Type  : Slow 1200mV 0C Model Minimum Pulse Width 'clk48'
Slack : 10.190
TNS   : 0.000

Type  : Slow 1200mV 0C Model Minimum Pulse Width 'pll|altpll_component|auto_generated|pll1|clk[0]'
Slack : 103.745
TNS   : 0.000

Type  : Slow 1200mV 0C Model Minimum Pulse Width 'pll|altpll_component|auto_generated|pll1|clk[1]'
Slack : 780.974
TNS   : 0.000

Type  : Fast 1200mV 0C Model Setup 'FIR:fir|FIR_fir_compiler_ii_0:fir_compiler_ii_0|FIR_fir_compiler_ii_0_ast:FIR_fir_compiler_ii_0_ast_inst|auk_dspip_avalon_streaming_source_hpfir:source|data_valid'
Slack : -2.390
TNS   : -46.397

Type  : Fast 1200mV 0C Model Setup 'pll|altpll_component|auto_generated|pll1|clk[1]'
Slack : 17.808
TNS   : 0.000

Type  : Fast 1200mV 0C Model Setup 'pll|altpll_component|auto_generated|pll1|clk[0]'
Slack : 18.008
TNS   : 0.000

Type  : Fast 1200mV 0C Model Setup 'clk48'
Slack : 19.452
TNS   : 0.000

Type  : Fast 1200mV 0C Model Hold 'pll|altpll_component|auto_generated|pll1|clk[0]'
Slack : 0.093
TNS   : 0.000

Type  : Fast 1200mV 0C Model Hold 'pll|altpll_component|auto_generated|pll1|clk[1]'
Slack : 0.151
TNS   : 0.000

Type  : Fast 1200mV 0C Model Hold 'clk48'
Slack : 0.156
TNS   : 0.000

Type  : Fast 1200mV 0C Model Hold 'FIR:fir|FIR_fir_compiler_ii_0:fir_compiler_ii_0|FIR_fir_compiler_ii_0_ast:FIR_fir_compiler_ii_0_ast_inst|auk_dspip_avalon_streaming_source_hpfir:source|data_valid'
Slack : 0.918
TNS   : 0.000

Type  : Fast 1200mV 0C Model Recovery 'pll|altpll_component|auto_generated|pll1|clk[0]'
Slack : 17.423
TNS   : 0.000

Type  : Fast 1200mV 0C Model Removal 'pll|altpll_component|auto_generated|pll1|clk[0]'
Slack : 2.414
TNS   : 0.000

Type  : Fast 1200mV 0C Model Minimum Pulse Width 'FIR:fir|FIR_fir_compiler_ii_0:fir_compiler_ii_0|FIR_fir_compiler_ii_0_ast:FIR_fir_compiler_ii_0_ast_inst|auk_dspip_avalon_streaming_source_hpfir:source|data_valid'
Slack : -1.000
TNS   : -21.000

Type  : Fast 1200mV 0C Model Minimum Pulse Width 'clk48'
Slack : 9.885
TNS   : 0.000

Type  : Fast 1200mV 0C Model Minimum Pulse Width 'pll|altpll_component|auto_generated|pll1|clk[0]'
Slack : 103.886
TNS   : 0.000

Type  : Fast 1200mV 0C Model Minimum Pulse Width 'pll|altpll_component|auto_generated|pll1|clk[1]'
Slack : 781.021
TNS   : 0.000

------------------------------------------------------------
